<?php return array (
  0 => 'Symfony\\Bundle\\FrameworkBundle\\Controller\\Controller',
  1 => 'AppBundle\\Controller\\DefaultController',
  2 => 'AppBundle\\Controller\\Telosys\\Project\\CheckController',
  3 => 'Doctrine\\Bundle\\DoctrineBundle\\Controller\\ProfilerController',
  4 => 'FOS\\RestBundle\\Controller\\Annotations\\AbstractParam',
  5 => 'FOS\\RestBundle\\Controller\\Annotations\\AbstractScalarParam',
  6 => 'FOS\\RestBundle\\Controller\\Annotations\\Copy',
  7 => 'FOS\\RestBundle\\Controller\\Annotations\\Delete',
  8 => 'FOS\\RestBundle\\Controller\\Annotations\\FileParam',
  9 => 'FOS\\RestBundle\\Controller\\Annotations\\Get',
  10 => 'FOS\\RestBundle\\Controller\\Annotations\\Head',
  11 => 'FOS\\RestBundle\\Controller\\Annotations\\Link',
  12 => 'FOS\\RestBundle\\Controller\\Annotations\\Lock',
  13 => 'FOS\\RestBundle\\Controller\\Annotations\\Mkcol',
  14 => 'FOS\\RestBundle\\Controller\\Annotations\\Move',
  15 => 'FOS\\RestBundle\\Controller\\Annotations\\NamePrefix',
  16 => 'FOS\\RestBundle\\Controller\\Annotations\\NoRoute',
  17 => 'FOS\\RestBundle\\Controller\\Annotations\\Options',
  18 => 'FOS\\RestBundle\\Controller\\Annotations\\ParamInterface',
  19 => 'FOS\\RestBundle\\Controller\\Annotations\\Patch',
  20 => 'FOS\\RestBundle\\Controller\\Annotations\\Post',
  21 => 'FOS\\RestBundle\\Controller\\Annotations\\Prefix',
  22 => 'FOS\\RestBundle\\Controller\\Annotations\\PropFind',
  23 => 'FOS\\RestBundle\\Controller\\Annotations\\PropPatch',
  24 => 'FOS\\RestBundle\\Controller\\Annotations\\Put',
  25 => 'FOS\\RestBundle\\Controller\\Annotations\\QueryParam',
  26 => 'FOS\\RestBundle\\Controller\\Annotations\\RequestParam',
  27 => 'FOS\\RestBundle\\Controller\\Annotations\\Route',
  28 => 'FOS\\RestBundle\\Controller\\Annotations\\RouteResource',
  29 => 'FOS\\RestBundle\\Controller\\Annotations\\Unlink',
  30 => 'FOS\\RestBundle\\Controller\\Annotations\\Unlock',
  31 => 'FOS\\RestBundle\\Controller\\Annotations\\Version',
  32 => 'FOS\\RestBundle\\Controller\\Annotations\\View',
  33 => 'FOS\\RestBundle\\Controller\\ControllerTrait',
  34 => 'FOS\\RestBundle\\Controller\\ExceptionController',
  35 => 'FOS\\RestBundle\\Controller\\FOSRestController',
  36 => 'FOS\\RestBundle\\Controller\\TemplatingExceptionController',
  37 => 'FOS\\RestBundle\\Controller\\TwigExceptionController',
  39 => 'Symfony\\Bundle\\FrameworkBundle\\Controller\\ControllerNameParser',
  40 => 'Symfony\\Bundle\\FrameworkBundle\\Controller\\ControllerResolver',
  41 => 'Symfony\\Bundle\\FrameworkBundle\\Controller\\RedirectController',
  42 => 'Symfony\\Bundle\\FrameworkBundle\\Controller\\TemplateController',
  43 => 'Symfony\\Bundle\\TwigBundle\\Controller\\ExceptionController',
  44 => 'Symfony\\Bundle\\TwigBundle\\Controller\\PreviewErrorController',
  45 => 'Symfony\\Bundle\\WebProfilerBundle\\Controller\\ExceptionController',
  46 => 'Symfony\\Bundle\\WebProfilerBundle\\Controller\\ProfilerController',
  47 => 'Symfony\\Bundle\\WebProfilerBundle\\Controller\\RouterController',
);